{
  "version": "1.5.0",
  "plugins_used": [
    {
      "name": "ArtifactoryDetector"
    },
    {
      "name": "AWSKeyDetector"
    },
    {
      "name": "AzureStorageKeyDetector"
    },
    {
      "name": "Base64HighEntropyString",
      "limit": 4.5
    },
    {
      "name": "BasicAuthDetector"
    },
    {
      "name": "CloudantDetector"
    },
    {
      "name": "DiscordBotTokenDetector"
    },
    {
      "name": "GitHubTokenDetector"
    },
    {
      "name": "GitLabTokenDetector"
    },
    {
      "name": "HexHighEntropyString",
      "limit": 3.0
    },
    {
      "name": "IbmCloudIamDetector"
    },
    {
      "name": "IbmCosHmacDetector"
    },
    {
      "name": "IPPublicDetector"
    },
    {
      "name": "JwtTokenDetector"
    },
    {
      "name": "KeywordDetector",
      "keyword_exclude": ""
    },
    {
      "name": "MailchimpDetector"
    },
    {
      "name": "NpmDetector"
    },
    {
      "name": "OpenAIDetector"
    },
    {
      "name": "PrivateKeyDetector"
    },
    {
      "name": "PypiTokenDetector"
    },
    {
      "name": "SendGridDetector"
    },
    {
      "name": "SlackDetector"
    },
    {
      "name": "SoftlayerDetector"
    },
    {
      "name": "SquareOAuthDetector"
    },
    {
      "name": "StripeDetector"
    },
    {
      "name": "TelegramBotTokenDetector"
    },
    {
      "name": "TwilioKeyDetector"
    }
  ],
  "filters_used": [
    {
      "path": "detect_secrets.filters.allowlist.is_line_allowlisted"
    },
    {
      "path": "detect_secrets.filters.common.is_ignored_due_to_verification_policies",
      "min_level": 2
    },
    {
      "path": "detect_secrets.filters.heuristic.is_indirect_reference"
    },
    {
      "path": "detect_secrets.filters.heuristic.is_likely_id_string"
    },
    {
      "path": "detect_secrets.filters.heuristic.is_lock_file"
    },
    {
      "path": "detect_secrets.filters.heuristic.is_not_alphanumeric_string"
    },
    {
      "path": "detect_secrets.filters.heuristic.is_potential_uuid"
    },
    {
      "path": "detect_secrets.filters.heuristic.is_prefixed_with_dollar_sign"
    },
    {
      "path": "detect_secrets.filters.heuristic.is_sequential_string"
    },
    {
      "path": "detect_secrets.filters.heuristic.is_swagger_file"
    },
    {
      "path": "detect_secrets.filters.heuristic.is_templated_secret"
    }
  ],
  "results": {
    ".envs/examples/.backend": [
      {
        "type": "Basic Auth Credentials",
        "filename": ".envs/examples/.backend",
        "hashed_secret": "07e285e3a4a837ff261e7655627e3a05269bd56d",
        "is_verified": false,
        "line_number": 36,
        "is_secret": false
      }
    ],
    ".envs/examples/.cache": [
      {
        "type": "Secret Keyword",
        "filename": ".envs/examples/.cache",
        "hashed_secret": "23d49ae472660769482c096096e71251cb1d3bae",
        "is_verified": false,
        "line_number": 2,
        "is_secret": false
      }
    ],
    ".envs/examples/.pgadmin": [
      {
        "type": "Secret Keyword",
        "filename": ".envs/examples/.pgadmin",
        "hashed_secret": "43203b49c2d2f74dd2fd2d2083aae967998bd22f",
        "is_verified": false,
        "line_number": 3,
        "is_secret": false
      }
    ],
    ".envs/examples/.postgres": [
      {
        "type": "Secret Keyword",
        "filename": ".envs/examples/.postgres",
        "hashed_secret": "94e05411552ab1370b67c0d5bf381c0ef6e5b38b",
        "is_verified": false,
        "line_number": 6,
        "is_secret": false
      }
    ],
    ".envs/examples/.s3": [
      {
        "type": "Secret Keyword",
        "filename": ".envs/examples/.s3",
        "hashed_secret": "5f5f7bd91f20fbcbadc09f15c62eeb8fa14d4a74",
        "is_verified": false,
        "line_number": 3,
        "is_secret": false
      }
    ],
    "src/apps/forms/domain/library_entity.py": [
      {
        "type": "Base64 High Entropy String",
        "filename": "src/apps/forms/domain/library_entity.py",
        "hashed_secret": "3883e6f6124220d4b00aeae0564b269e4ba39baa",
        "is_verified": false,
        "line_number": 84,
        "is_secret": false
      }
    ],
    "src/apps/integrations/domain/dto.py": [
      {
        "type": "Secret Keyword",
        "filename": "src/apps/integrations/domain/dto.py",
        "hashed_secret": "9b6ab7c209f54febadbb587a5f4b68e861a7a68a",
        "is_verified": false,
        "line_number": 23,
        "is_secret": false
      }
    ],
    "src/apps/requests/domain/entities/submission.py": [
      {
        "type": "Base64 High Entropy String",
        "filename": "src/apps/requests/domain/entities/submission.py",
        "hashed_secret": "b945615ae7a89957aa1fd5bfc802a84114f23634",
        "is_verified": false,
        "line_number": 183,
        "is_secret": false
      }
    ],
    "src/apps/workflows/domain/entities/definition.py": [
      {
        "type": "Base64 High Entropy String",
        "filename": "src/apps/workflows/domain/entities/definition.py",
        "hashed_secret": "1647c61633fee832fa67cff2f50a1b3d6b7c6c51",
        "is_verified": false,
        "line_number": 98,
        "is_secret": false
      }
    ],
    "src/migrations/versions/b13a0c7d2e44_initial_schema.py": [
      {
        "type": "Hex High Entropy String",
        "filename": "src/migrations/versions/b13a0c7d2e44_initial_schema.py",
        "hashed_secret": "7c8a1bf0b0105a3d47c546e7b0f9a260440fde7d",
        "is_verified": false,
        "line_number": 19,
        "is_secret": false
      },
      {
        "type": "Base64 High Entropy String",
        "filename": "src/migrations/versions/b13a0c7d2e44_initial_schema.py",
        "hashed_secret": "1647c61633fee832fa67cff2f50a1b3d6b7c6c51",
        "is_verified": false,
        "line_number": 4523,
        "is_secret": false
      },
      {
        "type": "Base64 High Entropy String",
        "filename": "src/migrations/versions/b13a0c7d2e44_initial_schema.py",
        "hashed_secret": "b945615ae7a89957aa1fd5bfc802a84114f23634",
        "is_verified": false,
        "line_number": 6469,
        "is_secret": false
      },
      {
        "type": "Base64 High Entropy String",
        "filename": "src/migrations/versions/b13a0c7d2e44_initial_schema.py",
        "hashed_secret": "b0cc757de1ac6b22e3861178b751815cc932ee4c",
        "is_verified": false,
        "line_number": 10716,
        "is_secret": false
      }
    ],
    "src/static/docs/redoc/redoc.standalone.js": [
      {
        "type": "Secret Keyword",
        "filename": "src/static/docs/redoc/redoc.standalone.js",
        "hashed_secret": "18e8825cfbdac2baadd667383d22165713d4d4b5",
        "is_verified": false,
        "line_number": 8,
        "is_secret": false
      },
      {
        "type": "Secret Keyword",
        "filename": "src/static/docs/redoc/redoc.standalone.js",
        "hashed_secret": "53e07a32bf191d6917ee6fd863f0b52632a86798",
        "is_verified": false,
        "line_number": 8,
        "is_secret": false
      },
      {
        "type": "Base64 High Entropy String",
        "filename": "src/static/docs/redoc/redoc.standalone.js",
        "hashed_secret": "fd8201493aad9512bb25129219813806e68b2c51",
        "is_verified": false,
        "line_number": 8,
        "is_secret": false
      },
      {
        "type": "Secret Keyword",
        "filename": "src/static/docs/redoc/redoc.standalone.js",
        "hashed_secret": "47acd2028cf81b5da88ddeedb2aea4eca4b71fbd",
        "is_verified": false,
        "line_number": 1350,
        "is_secret": false
      }
    ],
    "tests/apps/ai/test_contracts.py": [
      {
        "type": "Secret Keyword",
        "filename": "tests/apps/ai/test_contracts.py",
        "hashed_secret": "e80721793c24ae14edfca9b26ad406a9815cd3ff",
        "is_verified": false,
        "line_number": 24,
        "is_secret": false
      },
      {
        "type": "Secret Keyword",
        "filename": "tests/apps/ai/test_contracts.py",
        "hashed_secret": "3c3b274d119ff5a5ec6c1e215c1cb794d9973ac1",
        "is_verified": false,
        "line_number": 25,
        "is_secret": false
      }
    ],
    "tests/apps/ai/test_decision.py": [
      {
        "type": "Secret Keyword",
        "filename": "tests/apps/ai/test_decision.py",
        "hashed_secret": "7657e3bc92fc7a93e1664acfe3ada366397d4200",
        "is_verified": false,
        "line_number": 52,
        "is_secret": false
      }
    ],
    "tests/apps/ai/test_deferred_decision.py": [
      {
        "type": "Secret Keyword",
        "filename": "tests/apps/ai/test_deferred_decision.py",
        "hashed_secret": "9cab7cac1d7124a6244ab02fc42045027133893a",
        "is_verified": false,
        "line_number": 116,
        "is_secret": false
      }
    ],
    "tests/apps/designer/test_resource_selectors.py": [
      {
        "type": "Secret Keyword",
        "filename": "tests/apps/designer/test_resource_selectors.py",
        "hashed_secret": "939bb46a04c3640c8c427e92b1b557e882e2d2a0",
        "is_verified": false,
        "line_number": 65,
        "is_secret": false
      },
      {
        "type": "Secret Keyword",
        "filename": "tests/apps/designer/test_resource_selectors.py",
        "hashed_secret": "5a6df720540c20d95d530d3fd6885511223d5d20",
        "is_verified": false,
        "line_number": 66,
        "is_secret": false
      }
    ],
    "tests/apps/expressions/test_transforms.py": [
      {
        "type": "Secret Keyword",
        "filename": "tests/apps/expressions/test_transforms.py",
        "hashed_secret": "99d72c7fc3e2e145870beab37c0b70e343ea9c3b",
        "is_verified": false,
        "line_number": 43,
        "is_secret": false
      }
    ],
    "tests/apps/forms/test_options.py": [
      {
        "type": "Secret Keyword",
        "filename": "tests/apps/forms/test_options.py",
        "hashed_secret": "2346ad27d7568ba9896f1b7da6b5991251debdf2",
        "is_verified": false,
        "line_number": 75,
        "is_secret": false
      }
    ],
    "tests/apps/integrations/test_provider.py": [
      {
        "type": "Secret Keyword",
        "filename": "tests/apps/integrations/test_provider.py",
        "hashed_secret": "e5e9fa1ba31ecd1ae84f75caaa474f3a663f05f4",
        "is_verified": false,
        "line_number": 40,
        "is_secret": false
      },
      {
        "type": "Basic Auth Credentials",
        "filename": "tests/apps/integrations/test_provider.py",
        "hashed_secret": "5baa61e4c9b93f3f0682250b6cf8331b7ee68fd8",
        "is_verified": false,
        "line_number": 51,
        "is_secret": false
      }
    ],
    "tests/apps/step_types/test_catalog.py": [
      {
        "type": "Secret Keyword",
        "filename": "tests/apps/step_types/test_catalog.py",
        "hashed_secret": "99d72c7fc3e2e145870beab37c0b70e343ea9c3b",
        "is_verified": false,
        "line_number": 90,
        "is_secret": false
      }
    ],
    "tests/apps/users/application/test_auth_service.py": [
      {
        "type": "Secret Keyword",
        "filename": "tests/apps/users/application/test_auth_service.py",
        "hashed_secret": "5baa61e4c9b93f3f0682250b6cf8331b7ee68fd8",
        "is_verified": false,
        "line_number": 63,
        "is_secret": false
      },
      {
        "type": "Secret Keyword",
        "filename": "tests/apps/users/application/test_auth_service.py",
        "hashed_secret": "a4b48a81cdab1e1a5dd37907d6c85ca1c61ddc7c",
        "is_verified": false,
        "line_number": 74,
        "is_secret": false
      },
      {
        "type": "Secret Keyword",
        "filename": "tests/apps/users/application/test_auth_service.py",
        "hashed_secret": "2346ad27d7568ba9896f1b7da6b5991251debdf2",
        "is_verified": false,
        "line_number": 153,
        "is_secret": false
      }
    ],
    "tests/apps/users/application/test_authorization.py": [
      {
        "type": "Secret Keyword",
        "filename": "tests/apps/users/application/test_authorization.py",
        "hashed_secret": "2346ad27d7568ba9896f1b7da6b5991251debdf2",
        "is_verified": false,
        "line_number": 24,
        "is_secret": false
      }
    ],
    "tests/apps/users/presentation/test_admin.py": [
      {
        "type": "Secret Keyword",
        "filename": "tests/apps/users/presentation/test_admin.py",
        "hashed_secret": "91b5c0a6d4701fe02dc3b4eb37df29c5719a9ec6",
        "is_verified": false,
        "line_number": 33,
        "is_secret": false
      },
      {
        "type": "Secret Keyword",
        "filename": "tests/apps/users/presentation/test_admin.py",
        "hashed_secret": "91e99ca1d3c409faf3b6eee63e199522a24de8b7",
        "is_verified": false,
        "line_number": 87,
        "is_secret": false
      },
      {
        "type": "Secret Keyword",
        "filename": "tests/apps/users/presentation/test_admin.py",
        "hashed_secret": "2346ad27d7568ba9896f1b7da6b5991251debdf2",
        "is_verified": false,
        "line_number": 163,
        "is_secret": false
      }
    ],
    "tests/apps/users/presentation/test_login.py": [
      {
        "type": "Secret Keyword",
        "filename": "tests/apps/users/presentation/test_login.py",
        "hashed_secret": "c00dbbc9dadfbe1e232e93a729dd4752fade0abf",
        "is_verified": false,
        "line_number": 57,
        "is_secret": false
      },
      {
        "type": "Secret Keyword",
        "filename": "tests/apps/users/presentation/test_login.py",
        "hashed_secret": "d033e22ae348aeb5660fc2140aec35850c4da997",
        "is_verified": false,
        "line_number": 80,
        "is_secret": false
      },
      {
        "type": "Secret Keyword",
        "filename": "tests/apps/users/presentation/test_login.py",
        "hashed_secret": "273cdd4447a348a193a2fe33227389667bb863ab",
        "is_verified": false,
        "line_number": 83,
        "is_secret": false
      },
      {
        "type": "Secret Keyword",
        "filename": "tests/apps/users/presentation/test_login.py",
        "hashed_secret": "a4b48a81cdab1e1a5dd37907d6c85ca1c61ddc7c",
        "is_verified": false,
        "line_number": 98,
        "is_secret": false
      }
    ],
    "tests/apps/work_items/test_task_views.py": [
      {
        "type": "Secret Keyword",
        "filename": "tests/apps/work_items/test_task_views.py",
        "hashed_secret": "e80721793c24ae14edfca9b26ad406a9815cd3ff",
        "is_verified": false,
        "line_number": 97,
        "is_secret": false
      },
      {
        "type": "Secret Keyword",
        "filename": "tests/apps/work_items/test_task_views.py",
        "hashed_secret": "77361fca965b3e53ff81a5d48525ca8adb8a9b87",
        "is_verified": false,
        "line_number": 102,
        "is_secret": false
      }
    ],
    "tests/conftest.py": [
      {
        "type": "Secret Keyword",
        "filename": "tests/conftest.py",
        "hashed_secret": "5f0cc76a3382ac2be0543bb8cea38bfacea3cb37",
        "is_verified": false,
        "line_number": 8,
        "is_secret": false
      },
      {
        "type": "Secret Keyword",
        "filename": "tests/conftest.py",
        "hashed_secret": "a94a8fe5ccb19ba61c4c0873d391e987982fbbd3",
        "is_verified": false,
        "line_number": 16,
        "is_secret": false
      },
      {
        "type": "Basic Auth Credentials",
        "filename": "tests/conftest.py",
        "hashed_secret": "35675e68f4b5af7b995d9205ad0fc43842f16450",
        "is_verified": false,
        "line_number": 19,
        "is_secret": false
      },
      {
        "type": "Secret Keyword",
        "filename": "tests/conftest.py",
        "hashed_secret": "fe1bae27cb7c1fb823f496f286e78f1d2ae87734",
        "is_verified": false,
        "line_number": 22,
        "is_secret": false
      }
    ],
    "tests/core/test_ref_id.py": [
      {
        "type": "Base64 High Entropy String",
        "filename": "tests/core/test_ref_id.py",
        "hashed_secret": "b993d2f828b7e0b3b6224e91aed0f72b0a3ff118",
        "is_verified": false,
        "line_number": 52,
        "is_secret": false
      }
    ],
    "tests/fixtures/forms/localization-v1.json": [
      {
        "type": "Hex High Entropy String",
        "filename": "tests/fixtures/forms/localization-v1.json",
        "hashed_secret": "f75aaca67143ab8169955f9e673a6f0c8cc6d1fc",
        "is_verified": false,
        "line_number": 51,
        "is_secret": false
      }
    ],
    "tests/fixtures/scenarios/purchase-request-v1.json": [
      {
        "type": "Hex High Entropy String",
        "filename": "tests/fixtures/scenarios/purchase-request-v1.json",
        "hashed_secret": "8fde3c507fca3685f2de83e576981453a930d4bc",
        "is_verified": false,
        "line_number": 255,
        "is_secret": false
      }
    ],
    "tests/integration/test_ai_agents.py": [
      {
        "type": "Secret Keyword",
        "filename": "tests/integration/test_ai_agents.py",
        "hashed_secret": "bdfa1c955b84a3ecd137ecf40957d82c9c8e892c",
        "is_verified": false,
        "line_number": 68,
        "is_secret": false
      }
    ],
    "tests/integration/test_ai_budget.py": [
      {
        "type": "Secret Keyword",
        "filename": "tests/integration/test_ai_budget.py",
        "hashed_secret": "2346ad27d7568ba9896f1b7da6b5991251debdf2",
        "is_verified": false,
        "line_number": 53,
        "is_secret": false
      }
    ],
    "tests/integration/test_ai_connections.py": [
      {
        "type": "Secret Keyword",
        "filename": "tests/integration/test_ai_connections.py",
        "hashed_secret": "bdfa1c955b84a3ecd137ecf40957d82c9c8e892c",
        "is_verified": false,
        "line_number": 50,
        "is_secret": false
      }
    ],
    "tests/integration/test_ai_query_lookup.py": [
      {
        "type": "Secret Keyword",
        "filename": "tests/integration/test_ai_query_lookup.py",
        "hashed_secret": "e80721793c24ae14edfca9b26ad406a9815cd3ff",
        "is_verified": false,
        "line_number": 29,
        "is_secret": false
      }
    ],
    "tests/integration/test_bpms_recovery.py": [
      {
        "type": "Secret Keyword",
        "filename": "tests/integration/test_bpms_recovery.py",
        "hashed_secret": "ce7501007f04a6529e650f1f1b3fc0586d1d94eb",
        "is_verified": false,
        "line_number": 31,
        "is_secret": false
      }
    ],
    "tests/integration/test_bpms_restore.py": [
      {
        "type": "Secret Keyword",
        "filename": "tests/integration/test_bpms_restore.py",
        "hashed_secret": "ce7501007f04a6529e650f1f1b3fc0586d1d94eb",
        "is_verified": false,
        "line_number": 81,
        "is_secret": false
      },
      {
        "type": "Secret Keyword",
        "filename": "tests/integration/test_bpms_restore.py",
        "hashed_secret": "e08e84916fb42ae1b61b75eb6fccf8a6eb98045e",
        "is_verified": false,
        "line_number": 172,
        "is_secret": false
      },
      {
        "type": "Secret Keyword",
        "filename": "tests/integration/test_bpms_restore.py",
        "hashed_secret": "5a6df720540c20d95d530d3fd6885511223d5d20",
        "is_verified": false,
        "line_number": 173,
        "is_secret": false
      }
    ],
    "tests/integration/test_bpms_retention.py": [
      {
        "type": "Secret Keyword",
        "filename": "tests/integration/test_bpms_retention.py",
        "hashed_secret": "86206a1cbce8ef514b5a1f6d5f85c02a2f011764",
        "is_verified": false,
        "line_number": 73,
        "is_secret": false
      },
      {
        "type": "Secret Keyword",
        "filename": "tests/integration/test_bpms_retention.py",
        "hashed_secret": "ce7501007f04a6529e650f1f1b3fc0586d1d94eb",
        "is_verified": false,
        "line_number": 95,
        "is_secret": false
      }
    ],
    "tests/integration/test_bpms_volume.py": [
      {
        "type": "Secret Keyword",
        "filename": "tests/integration/test_bpms_volume.py",
        "hashed_secret": "ce7501007f04a6529e650f1f1b3fc0586d1d94eb",
        "is_verified": false,
        "line_number": 30,
        "is_secret": false
      }
    ],
    "tests/integration/test_clients.py": [
      {
        "type": "Secret Keyword",
        "filename": "tests/integration/test_clients.py",
        "hashed_secret": "dd606cd49bbbd06b4c2606fc2449f8fb87975786",
        "is_verified": false,
        "line_number": 102,
        "is_secret": false
      }
    ],
    "tests/integration/test_connections.py": [
      {
        "type": "Secret Keyword",
        "filename": "tests/integration/test_connections.py",
        "hashed_secret": "bdfa1c955b84a3ecd137ecf40957d82c9c8e892c",
        "is_verified": false,
        "line_number": 55,
        "is_secret": false
      }
    ],
    "tests/integration/test_form_library.py": [
      {
        "type": "Secret Keyword",
        "filename": "tests/integration/test_form_library.py",
        "hashed_secret": "2346ad27d7568ba9896f1b7da6b5991251debdf2",
        "is_verified": false,
        "line_number": 310,
        "is_secret": false
      }
    ],
    "tests/integration/test_form_options.py": [
      {
        "type": "Secret Keyword",
        "filename": "tests/integration/test_form_options.py",
        "hashed_secret": "2346ad27d7568ba9896f1b7da6b5991251debdf2",
        "is_verified": false,
        "line_number": 29,
        "is_secret": false
      }
    ],
    "tests/integration/test_processes.py": [
      {
        "type": "Secret Keyword",
        "filename": "tests/integration/test_processes.py",
        "hashed_secret": "c2c12af5c6e6b5a644c3fa8b5231fcb83e2595f9",
        "is_verified": false,
        "line_number": 1161,
        "is_secret": false
      },
      {
        "type": "Secret Keyword",
        "filename": "tests/integration/test_processes.py",
        "hashed_secret": "5a6df720540c20d95d530d3fd6885511223d5d20",
        "is_verified": false,
        "line_number": 1191,
        "is_secret": false
      },
      {
        "type": "Secret Keyword",
        "filename": "tests/integration/test_processes.py",
        "hashed_secret": "2346ad27d7568ba9896f1b7da6b5991251debdf2",
        "is_verified": false,
        "line_number": 1411,
        "is_secret": false
      },
      {
        "type": "Secret Keyword",
        "filename": "tests/integration/test_processes.py",
        "hashed_secret": "b40f1e9e00c557bcb04f41cb1eda4090af0a108a",
        "is_verified": false,
        "line_number": 1429,
        "is_secret": false
      },
      {
        "type": "Secret Keyword",
        "filename": "tests/integration/test_processes.py",
        "hashed_secret": "458d34194a0cbce85ba6cd599e11b1b6d44f91f0",
        "is_verified": false,
        "line_number": 2036,
        "is_secret": false
      }
    ],
    "tests/integration/test_services.py": [
      {
        "type": "Secret Keyword",
        "filename": "tests/integration/test_services.py",
        "hashed_secret": "ce4a5e4022bde2ad1a30553ec9323688f1d0c2a9",
        "is_verified": false,
        "line_number": 155,
        "is_secret": false
      },
      {
        "type": "Secret Keyword",
        "filename": "tests/integration/test_services.py",
        "hashed_secret": "6bc08f738df970c874ade98db992d0db24a3d451",
        "is_verified": false,
        "line_number": 167,
        "is_secret": false
      }
    ],
    "tests/integration/test_task_corrections.py": [
      {
        "type": "Secret Keyword",
        "filename": "tests/integration/test_task_corrections.py",
        "hashed_secret": "e80721793c24ae14edfca9b26ad406a9815cd3ff",
        "is_verified": false,
        "line_number": 231,
        "is_secret": false
      }
    ],
    "tests/migrations/versions/test_initial_schema.py": [
      {
        "type": "Hex High Entropy String",
        "filename": "tests/migrations/versions/test_initial_schema.py",
        "hashed_secret": "7c8a1bf0b0105a3d47c546e7b0f9a260440fde7d",
        "is_verified": false,
        "line_number": 94,
        "is_secret": false
      }
    ],
    "tests/utils/test_exception_handlers.py": [
      {
        "type": "Secret Keyword",
        "filename": "tests/utils/test_exception_handlers.py",
        "hashed_secret": "e5e9fa1ba31ecd1ae84f75caaa474f3a663f05f4",
        "is_verified": false,
        "line_number": 114,
        "is_secret": false
      }
    ],
    "tests/utils/test_localized_docs.py": [
      {
        "type": "Secret Keyword",
        "filename": "tests/utils/test_localized_docs.py",
        "hashed_secret": "99f1b5ff7020900f1c31734d2d6f16bfb523e222",
        "is_verified": false,
        "line_number": 69,
        "is_secret": false
      }
    ],
    "tests/utils/test_middleware.py": [
      {
        "type": "Secret Keyword",
        "filename": "tests/utils/test_middleware.py",
        "hashed_secret": "d033e22ae348aeb5660fc2140aec35850c4da997",
        "is_verified": false,
        "line_number": 29,
        "is_secret": false
      },
      {
        "type": "Secret Keyword",
        "filename": "tests/utils/test_middleware.py",
        "hashed_secret": "dbdab9be92cacdae6a97e8601332bfaa8545800f",
        "is_verified": false,
        "line_number": 33,
        "is_secret": false
      },
      {
        "type": "Secret Keyword",
        "filename": "tests/utils/test_middleware.py",
        "hashed_secret": "82508725f8a46832a71c8aa665f0d1e64d6120ae",
        "is_verified": false,
        "line_number": 79,
        "is_secret": false
      }
    ],
    "tests/scripts/test_check_secrets.py": [
      {
        "type": "Secret Keyword",
        "filename": "tests/scripts/test_check_secrets.py",
        "hashed_secret": "b56f08775db75495b47fcebe192b46a1ddbf6416",
        "is_verified": false,
        "line_number": 11,
        "is_secret": false
      },
      {
        "type": "Secret Keyword",
        "filename": "tests/scripts/test_check_secrets.py",
        "hashed_secret": "c2a6b03f190dfb2b4aa91f8af8d477a9bc3401dc",
        "is_verified": false,
        "line_number": 25,
        "is_secret": false
      }
    ]
  },
  "generated_at": "2026-10-02T10:03:36Z"
}
